data/processed/21232_timeseries.csv
date,day_of_week,day_of_year,price,demand,revenue,seasonal
2020-01-01,2,1,35.190868199024536,123,4328.476788480018,1.0822844129312283
2020-01-02,3,2,35.13465251625868,135,4743.178089694922,1.2154064005001535
2020-01-03,4,3,35.08307837044313,136,4771.298658380266,1.2532540382485937
2020-01-04,5,4,35.044112110298535,138,4836.087471221198,1.1723010678168235
2020-01-05,6,5,35.19561711214677,118,4153.082819233319,1.0384592314862942
2020-01-06,0,6,35.322832330224934,115,4062.1257179758672,0.9574439316277571
2020-01-07,1,7,35.37539220323747,106,3749.7915735431716,0.9951669289922177
2020-01-08,2,8,35.307736878833936,98,3460.158214125726,1.1281020021535861
2020-01-09,3,9,35.370634192670245,153,5411.707031478548,1.2609992393255451
2020-01-10,4,10,35.353828559696964,136,4808.120684118787,1.2986087399333979
2020-01-11,5,11,35.20219358779364,152,5350.733425344632,1.217404316182593
2020-01-12,6,12,35.222413887948555,119,4191.467252665878,1.0832977848656264
2020-01-13,0,13,35.1631185323405,117,4114.084868283839,1.0020046267880869
2020-01-14,1,14,35.10620788586715,137,4809.5504803638,1.0394366850363668
2020-01-15,2,15,35.08857182334577,144,5052.7543425617905,1.1720678243959155
2020-01-16,3,16,35.05347527957562,156,5468.342143613797,1.3046482231425598
2020-01-17,4,17,35.05106259540011,154,5397.863639691617,1.3419280745876685
2020-01-18,5,18,35.045264111466615,159,5572.196993723192,1.2603812886188486
2020-01-19,6,19,34.9131521689992,139,4852.928151490888,1.125919783477913
2020-01-20,0,20,35.020224300682315,124,4342.507813284607,1.044259145156853
2020-01-21,1,21,34.9509657553744,112,3914.5081646019325,1.0813113256343891
2020-01-22,2,22,34.88388899306304,125,4360.48612413288,1.2135503022619525
2020-01-23,3,23,34.86074921382671,135,4706.201143866606,1.3457263695216508
2020-01-24,4,24,34.85311926514086,161,5611.352201687679,1.3825898405369987
2020-01-25,5,25,34.955874208784834,154,5383.204628152865,1.3006147485781112
2020-01-26,6,26,34.97484951695077,109,3812.258597347634,1.1657131388031083
2020-01-27,0,27,35.01474529085005,104,3641.5335102484055,1.0836007276164838
2020-01-28,1,28,35.034080685457916,130,4554.430489109529,1.1201896008670087
2020-01-29,2,29,35.05038236529681,156,5467.859648986303,1.2519538731940434
2020-01-30,3,30,35.072196400876614,164,5751.840209743765,1.3836439797448261
2020-01-31,4,31,34.936075266363794,163,5694.580268417299,1.4200103776435158
2020-02-01,5,32,34.918473679605015,152,5307.607999299962,1.33752724745372
2020-02-02,6,33,35.00033092912863,131,4585.043351715851,1.202106784876252
2020-02-03,0,34,35.27798658698481,134,4727.250202655964,1.1194648600628885
2020-02-04,1,35,35.19316793831992,123,4328.75965641335,1.1555137157687154
2020-02-05,2,36,35.222965168534124,154,5424.336635954255,1.2867276266519452
2020-02-06,3,37,35.18274675135617,170,5981.066947730549,1.4178571909437916
2020-02-07,4,38,35.326961464651035,167,5899.602564596723,1.453653031869181
2020-02-08,5,39,35.231615477210724,138,4861.96293585508,1.3705894990600676
2020-02-09,6,40,35.27562953509381,135,4762.209987237665,1.2345789602030839
2020-02-10,0,41,35.17652062655612,131,4608.124202078851,1.1513374603023454
2020-02-11,1,42,35.15408419553371,133,4675.493198005984,1.1867774197799748
2020-02-12,2,43,35.15166753128191,161,5659.4184725363875,1.3173732937232805
2020-02-13,3,44,35.227005179689044,171,6023.817885726827,1.4478758635011575
2020-02-14,4,45,35.151141062008904,174,6116.298544789549,1.4830359381305394
2020-02-15,5,46,35.197862673241815,157,5526.064439698965,1.399328055634654
2020-02-16,6,47,35.19918517536709,156,5491.072887357266,1.2626647746348534
2020-02-17,0,48,35.218397825679915,142,5001.012491246548,1.178762333556836
2020-02-18,1,49,35.28589253873461,135,4763.595492729172,1.2135333486738609
2020-02-19,2,50,35.19556295419235,156,5490.507820854006,1.3434524732958866
2020-02-20,3,51,35.25265259986328,174,6133.961552376211,1.4732706893272378
2020-02-21,4,52,35.21258502288684,181,6373.4778891425185,1.5077390085736329
2020-02-22,5,53,35.28976663555068,150,5293.464995332602,1.4233321740403477
2020-02-23,6,54,35.31332929932847,144,5085.1194191033,1.285962951463311
2020-02-24,0,55,35.29857235972848,132,4659.41155148416,1.201347788453943
2020-02-25,1,56,35.257017237098985,146,5147.524516616452,1.2353995124803931
2020-02-26,2,57,35.31500133651652,156,5509.140208496577,1.364592989994094
2020-02-27,3,58,35.40380929525903,142,5027.340919926783,1.4936794179242696
2020-02-28,4,59,35.36628092823159,181,6401.296848009918,1.5274100249212457
2020-02-29,5,60,35.28648405614879,162,5716.410417096104,1.4422597725903599
2020-03-01,6,61,35.33537686177358,161,5688.995674745547,1.3041416469582763
2020-03-02,0,62,35.2333578251851,143,5038.37016900147,1.2187723175525529
2020-03-03,1,63,35.14141148336274,141,4954.939019154146,1.2520648353171215
2020-03-04,2,64,35.06656623487984,162,5680.783730050534,1.3804942916726135
2020-03-05,3,65,35.03730634349615,195,6832.274736981749,1.5088121099442107
2020-03-06,4,66,34.94318940892185,206,7198.297018237901,1.5417697465378692
2020-03-07,5,67,34.80664106663014,138,4803.31646719496,1.4558423921067392
2020-03-08,6,68,34.72667251404705,151,5243.727549621105,1.316943262949607
2020-03-09,0,69,34.771921546822306,143,4972.384781195589,1.230789260022233
2020-03-10,1,70,34.68236757358371,150,5202.355136037557,1.2632936667842463
2020-03-11,2,71,34.6584026145222,177,6134.53726277043,1.3909318081905775
2020-03-12,3,72,34.79550724646054,168,5845.64521740537,1.5184553420501063
2020-03-13,4,73,34.792043946350844,176,6123.399734557748,1.5506159601324012
2020-03-14,5,74,34.81616816804324,172,5988.3809249034375,1.4638890892644003
2020-03-15,6,75,34.74953922113191,153,5316.679500833183,1.3241881826588617
2020-03-16,0,76,34.90191126500971,158,5514.501979871534,1.2372303788555117
2020-03-17,1,77,34.86378826695001,159,5543.342334445051,1.2689291994975225
2020-03-18,2,78,34.84772301112856,161,5610.4834047916975,1.395760208252382
2020-03-19,3,79,34.94048254670885,168,5870.001067847087,1.522475302099789
2020-03-20,4,80,34.92768312901117,167,5832.923082544866,1.5538264123675394
2020-03-21,5,81,34.93105590299214,181,6322.5211184415775,1.4662892057572048
2020-03-22,6,82,34.91121678856854,153,5341.416168650986,1.325777375601516
2020-03-23,0,83,34.8918605334696,155,5408.238382687788,1.2380083007343425
2020-03-24,1,84,34.91795473491324,130,4539.334115538721,1.268895743195987
2020-03-25,2,85,34.95689814289523,173,6047.543378720874,1.3949155070827979
2020-03-26,3,86,34.91159459891485,162,5655.678325024206,1.5208197297638428
2020-03-27,4,87,34.85764008001748,199,6936.670375923479,1.5513605828455386
2020-03-28,5,88,34.814739044814694,170,5918.5056376184975,1.4630139731261516
2020-03-29,6,89,34.71604968969211,137,4756.09880748782,1.3216938337820199
2020-03-30,0,90,34.60403678197506,141,4879.169186258484,1.233117783166469
2020-03-31,1,91,34.624966059483675,141,4882.120214387198,1.2631998224441352
2020-04-01,2,92,34.69107071545428,145,5030.205253740871,1.3884159943697105
2020-04-02,3,93,34.75241783552812,180,6255.435210395061,1.513518674433906
2020-04-03,4,94,34.58465583073007,183,6328.992017023603,1.5432602717575123
2020-04-04,5,95,34.56739606543536,173,5980.1595193203175,1.4541169299755243
2020-04-05,6,96,34.48977648805608,176,6070.20066189787,1.3120028183531869
2020-04-06,0,97,34.4998998168043,126,4346.987376917342,1.2226357905149532
2020-04-07,1,98,34.47047279414568,157,5411.864228680872,1.2519300820090704
2020-04-08,2,99,34.51216074203,179,6177.67677282337,1.3763619690169082
2020-04-09,3,100,34.5108118030645,188,6488.032618976125,1.500684059429719
2020-04-10,4,101,34.377277695454836,224,7700.510203781883,1.5296489936738566
2020-04-11,5,102,34.30916650350279,180,6175.649970630502,1.4397331455263476
2020-04-12,6,103,34.30957394515559,169,5798.317996731295,1.2968509131627484
2020-04-13,0,104,34.31592036062382,146,5010.1243726510775,1.206720377818259
2020-04-14,1,105,34.21691951120089,157,5372.05636325854,1.235256001284885
2020-04-15,2,106,34.108707712499005,157,5355.067110862344,1.358934284553699
2020-04-16,3,107,34.11266903288596,219,7470.674518202026,1.4825080588250086
2020-04-17,4,108,34.01380971128046,186,6326.568606298165,1.5107301862673932
2020-04-18,5,109,33.896289290021244,182,6169.124650783866,1.4200772607675638
2020-04-19,6,110,33.864938350302005,151,5113.6056908956025,1.2764638989130017
2020-04-20,0,111,33.83053742850063,167,5649.699750559605,1.1856083985883548
2020-04-21,1,112,33.7686722878698,145,4896.45748174112,1.2134254364084
2020-04-22,2,113,33.71910857869836,155,5226.461829698246,1.3363917262966452
2020-04-23,3,114,33.720083019155716,176,5934.734611371406,1.4592603104324025
2020-04-24,4,115,33.66936244185342,188,6329.840139068443,1.4867842599473078
2020-04-25,5,116,33.674341584397524,184,6196.078851529144,1.3954403756132583
2020-04-26,6,117,33.64754544744209,169,5686.435180617714,1.251143478763752
2020-04-27,0,118,33.65935293241886,150,5048.902939862829,1.1596120698296073
2020-04-28,1,119,33.72120434553863,158,5327.9502865951035,1.1867610257119081
2020-04-29,2,120,33.78031199326723,174,5877.774286828499,1.3090672583012593
2020-04-30,3,121,33.871039769504335,167,5656.463641507224,1.431284005366198
2020-05-01,4,122,33.93006987818882,175,5937.762228683043,1.4581645311917495
2020-05-02,5,123,33.94687132083156,184,6246.224323033008,1.3661858272101381
2020-05-03,6,124,33.9163450291136,146,4951.786374250586,1.2212629028656221
2020-05-04,0,125,33.88903529438551,162,5490.023717690452,1.1291144440944776
2020-05-05,1,126,33.82721404325221,130,4397.537825622788,1.1556555106429722
2020-05-06,2,127,33.82753303810147,161,5446.232819134337,1.2773631945324435
2020-05-07,3,128,33.87664955790959,188,6368.810116887003,1.398990910894322
2020-05-08,4,129,33.82554128843371,194,6562.15500995614,1.4252920985561417
2020-05-09,5,130,33.82292006028139,163,5513.135969825867,1.3327439206205323
2020-05-10,6,131,33.77521390503793,146,4931.181230135538,1.1872615552791688
2020-05-11,0,132,33.78995858632267,133,4494.064491980915,1.094563854242776
2020-05-12,1,133,33.751265892972526,140,4725.177225016154,1.1205660400099546
2020-05-13,2,134,33.69918267276565,164,5526.665958333567,1.2417453642840472
2020-05-14,3,135,33.651293086760795,165,5552.463359315531,1.3628553987608392
2020-05-15,4,136,33.68674218564086,170,5726.746171558946,1.3886497356681848
2020-05-16,5,137,33.679928191658476,148,4984.629372365454,1.2956056882995242
2020-05-17,6,138,33.64975474428509,132,4441.767626245632,1.1496385817833574
2020-05-18,0,139,33.66816528336016,142,4780.879470237142,1.0564674114696726
2020-05-19,1,140,33.63897119165717,124,4171.232427765489,1.0820075401562361
2020-05-20,2,141,33.71831107103327,135,4551.971994589491,1.2027363564638778
2020-05-21,3,142,33.649722348567714,193,6494.396413273569,1.3234075655836166
2020-05-22,4,143,33.63655407369446,184,6189.1259495597815,1.3487748897767295
2020-05-23,5,144,33.537617426648275,182,6103.846371649986,1.2553157688697407
2020-05-24,6,145,33.51318730213318,131,4390.227536579447,1.1089456509863957
2020-05-25,0,146,33.39489173085925,127,4241.151249819125,1.0153836508976493
2020-05-26,1,147,33.447454289526206,122,4080.589423322197,1.0405452472125643
2020-05-27,2,148,33.501438621915796,156,5226.224425018864,1.1609079407192855
2020-05-28,3,149,33.556667187163065,176,5905.973424940699,1.2812255450989145
2020-05-29,4,150,33.55870065605616,193,6476.829226618839,1.3062518873934463
2020-05-30,5,151,33.496731989453004,170,5694.4444382070105,1.2124645084697034
2020-05-31,6,152,33.44036454996407,132,4414.128120595257,1.0657789537213558
2020-06-01,0,153,33.54813351392494,126,4227.064822754543,0.9719144313901215
2020-06-02,1,154,33.649247263539536,122,4105.208166151823,0.996786509728928
2020-06-03,2,155,33.65787873883513,127,4274.550599832061,1.1168727753163439
2020-06-04,3,156,33.62156298895184,159,5345.828515243342,1.2369271237450286
2020-06-05,4,157,33.71795419398892,177,5968.077892336039,1.2617034600653974
2020-06-06,5,158,33.66904081466362,150,5050.356122199542,1.1676793992264392
2020-06-07,6,159,33.68515850677257,121,4075.9041793194806,1.0207705567557839
2020-06-08,0,160,33.780375928646805,129,4357.668494795438,0.9266962070601206
2020-06-09,1,161,33.721473184133906,133,4484.9559334898095,0.951371980568753
2020-06-10,2,162,33.77987483015217,126,4256.264228599173,1.071275522029602
2020-06-11,3,163,33.816537568473215,150,5072.480635270982,1.1911607811804397
2020-06-12,4,164,33.813754445620404,117,3956.2092701375873,1.2157817131764797
2020-06-13,5,165,33.74378760144938,124,4184.229662579723,1.12161597901636
2020-06-14,6,166,33.69276580809481,124,4177.902960203756,0.9745792362085844
2020-06-15,0,167,33.713151647799606,114,3843.299287849155,0.8803907970594577
2020-06-16,1,168,33.61290701764288,140,4705.806982470003,0.9049663258054632
2020-06-17,2,169,33.62211521758521,147,4942.450936985026,1.0247834968992036
2020-06-18,3,170,33.660221065750065,147,4948.052496665259,1.1445962856718543
2020-06-19,4,171,33.729609443962,131,4418.5788371590215,1.1691586687531657
2020-06-20,5,172,33.63112411831004,146,4910.144121273266,1.0749483244910862
2020-06-21,6,173,33.723826508898995,102,3439.8303039076973,0.9278809236130531
2020-06-22,0,174,33.843229792132064,101,3418.1662090053383,0.833675787510021
2020-06-23,1,175,33.87211648455898,120,4064.6539781470774,0.858248585366135
2020-06-24,2,176,33.79900743791321,113,3819.2878404841927,0.9780769924432254
2020-06-25,3,177,33.77589892671548,140,4728.625849740167,1.0979149807430044
2020-06-26,4,178,33.772546685523835,145,4897.019269400957,1.1225165194280564
2020-06-27,5,179,33.79159524416511,138,4663.240143694785,1.028359275243677
2020-06-28,6,180,33.79314338977826,123,4156.556636942726,0.881358903182606
2020-06-29,0,181,33.81294565714308,92,3110.7910004571636,0.7872347047737148
2020-06-30,1,182,33.806554425524475,102,3448.2685514034965,0.8119023252175616
2020-07-01,2,183,33.82522573560152,107,3619.2991537093626,0.9318394116779967
2020-07-02,3,184,33.79279138822931,129,4359.270089081581,1.051799903952688
2020-07-03,4,185,33.76897313067443,144,4862.732130817119,1.0765377349036416
2020-07-04,5,186,33.728404074648445,102,3440.2972156141414,0.9825305308898229
2020-07-05,6,187,33.86343534317321,119,4029.7488058376116,0.8356939024438246
2020-07-06,0,188,33.966536867298714,87,2955.0887074549883,0.7417471025737491
2020-07-07,1,189,34.00564585464892,102,3468.57587717419,0.7666057239131469
2020-07-08,2,190,34.09898645453523,114,3887.284455817016,0.8867473570281809
2020-07-09,3,191,34.15522153670842,133,4542.64446438222,1.0069258811049164
2020-07-10,4,192,34.16798833962457,139,4749.350379207815,1.031895164397845
2020-07-11,5,193,34.06195198702142,114,3883.062526520442,0.938132764681604
2020-07-12,6,194,34.04348796268938,103,3506.4792601570066,0.7915542199479908
2020-07-13,0,195,34.019891474708004,86,2925.7106668248884,0.6978787067293342
2020-07-14,1,196,33.94008977065956,87,2952.7878100473818,0.7230217372710888
2020-07-15,2,197,33.83542038523611,96,3248.2003569826666,0.8434608178628389
2020-07-16,3,198,33.87012226946007,119,4030.5445500657484,0.9639497395505443
2020-07-17,4,199,33.89297688538604,115,3897.6923418193946,0.9892422786111834
2020-07-18,5,200,33.810757920111065,109,3685.372613292106,0.8958158970317304
2020-07-19,6,201,33.75822621061796,74,2498.1087395857294,0.749586033234559
2020-07-20,0,202,33.84001029553779,86,2910.2408854162495,0.6562717604303125
2020-07-21,1,203,33.77819473459415,81,2736.033773502126,0.6817884838211162
2020-07-22,2,204,33.79022398376244,89,3007.329934554857,0.8026135989632894
2020-07-23,3,205,33.77685802883148,118,3985.6692474021143,0.9235007825124316
2020-07-24,4,206,33.812520859346385,116,3922.2524196841805,0.9492036927319347
2020-07-25,5,207,33.75222578700405,102,3442.727030274413,0.8561996700069433
2020-07-26,6,208,33.758570304283246,96,3240.822749211192,0.7104040276057836
2020-07-27,0,209,33.77045331919999,82,2769.177172174399,0.6175357100699256
2020-07-28,1,210,33.78666479484834,67,2263.706541254839,0.6435099904553344
2020-07-29,2,211,33.79223391220344,101,3413.015625132548,0.7648041287343095
2020-07-30,3,212,33.816504509307194,97,3280.200937402798,0.8861716625807731
2020-07-31,4,213,33.97086938423704,131,4450.183889335052,0.9123661079199578
2020-08-01,5,214,34.15125982259078,122,4166.453698356076,0.8198646594845442
2020-08-02,6,215,34.106240270047905,93,3171.8803451144554,0.6745824816192512
2020-08-03,0,216,33.94296801360475,86,2919.095249170008,0.5822383667149258
2020-08-04,1,217,33.98490833749408,73,2480.898308637068,0.6087474324949744
2020-08-05,2,218,33.9980259699657,102,3467.7986489365016,0.7305867804632482
2020-08-06,3,219,34.07275441732768,103,3509.493704984751,0.852509786736273
2020-08-07,4,220,34.09281873503276,121,4125.2310669389635,0.8792698026408113
2020-08-08,5,221,34.09694617013077,95,3239.209886162423,0.7873438553187764
2020-08-09,6,222,34.176454284157025,72,2460.704708459306,0.6426469385814854
2020-08-10,0,223,34.26581362714104,79,2706.9992765441425,0.550897671394295
2020-08-11,1,224,34.168159157178316,81,2767.6208917314434,0.5780109952143822
2020-08-12,2,225,34.110646145846154,92,3138.179445417846,0.7004638324909033
2020-08-13,3,226,34.10320930644938,109,3717.2498144029823,0.8230093775502614
2020-08-14,4,227,34.11014220050461,95,3240.4635090479383,0.8504007972475429
2020-08-15,5,228,34.09422635913584,105,3579.893767709263,0.7591149316260919
2020-08-16,6,229,34.12480727161747,88,3002.9830399023376,0.6150665848271991
2020-08-17,0,230,34.19496224587341,62,2120.0876592441514,0.523974183630951
2020-08-18,1,231,34.31629150430306,64,2196.242656275396,0.5517524748509599
2020-08-19,2,232,34.35706394984773,89,3057.7786915364477,0.6748781838921886
2020-08-20,3,233,34.29703467590925,89,3052.4360861559235,0.7981043056946133
2020-08-21,4,234,34.28665506987224,112,3840.105367825691,0.826183805443743
2020-08-22,5,235,34.281348063418314,91,3119.6026737710667,0.7355933192899499
2020-08-23,6,236,34.31759382106767,73,2505.18434893794,0.5922474453185934
