data/processed/21232_timeseries.csv
date,day_of_week,day_of_year,price,demand,revenue,seasonal
2020-08-24,0,237,34.344932228316175,64,2198.075662612235,0.5018644021518885
2020-08-25,1,238,34.489340252266956,69,2379.76447740642,0.5303587264053546
2020-08-26,2,239,34.45683620001279,75,2584.262715000959,0.6542069313079169
2020-08-27,3,240,34.483933915113504,106,3655.2969950020315,0.7781617977084369
2020-08-28,4,241,34.649774617076346,103,3568.9267855588637,0.806976074849671
2020-08-29,5,242,34.608558898381915,94,3253.2045364479,0.7171261811515854
2020-08-30,6,243,34.618781621083706,63,2180.9832421282736,0.5745264952460188
2020-08-31,0,244,34.55223433816507,63,2176.7907633043997,0.48489501464355667
2020-09-01,1,245,34.55801566196943,65,2246.271018028013,0.5141460532555102
2020-09-02,2,246,34.50306550559164,70,2415.214585391415,0.6387559000800079
2020-09-03,3,247,34.57679097225251,86,2973.604023613716,0.7634771102749727
2020-09-04,4,248,34.587166538029926,95,3285.780821112843,0.7930622059989543
2020-09-05,5,249,34.52128715325343,102,3521.17128963185,0.7039873772617451
2020-09-06,6,250,34.58048775727761,65,2247.7317042230447,0.5621667730266983
2020-09-07,0,251,34.59314151265242,63,2179.3679152971026,0.4733181599456879
2020-09-08,1,252,34.66024788288935,65,2252.916112387808,0.5033556199494879
2020-09-09,2,253,34.57941879444236,86,2973.830016322043,0.6287552090025942
2020-09-10,3,254,34.60539484377348,111,3841.1988276588563,0.7542692482452646
2020-09-11,4,255,34.65986076669716,94,3258.026912069533,0.7846500249036834
2020-09-12,5,256,34.630042581656205,86,2978.1836620224335,0.6963734932102192
2020-09-13,6,257,34.54137188671942,61,2107.0236850898846,0.5553535655755797
2020-09-14,0,258,34.538441499477166,57,1968.6911654701985,0.4673077713938829
2020-09-15,1,259,34.62493681376794,57,1973.6213983847724,0.4981499547033326
2020-09-16,2,260,34.70423531148299,75,2602.817648361224,0.6243559330115458
2020-09-17,3,261,34.674061391898285,105,3640.77644614932,0.7506777885082421
2020-09-18,4,262,34.58369456832456,93,3216.2835948541842,0.7818675690462149
2020-09-19,5,263,34.55332687759039,98,3386.2260340038583,0.6944009891325174
2020-09-20,6,264,34.52033231930791,60,2071.2199391584745,0.5541917211716711
2020-09-21,0,265,34.55177525877101,48,1658.4852124210083,0.4669570543418361
2020-09-22,1,266,34.54438007524004,62,2141.7515646648826,0.49861059232667565
2020-09-23,2,267,34.49132819560942,68,2345.4103173014405,0.6256279122119099
2020-09-24,3,268,34.569100682888156,97,3353.202766240151,0.7527608557692251
2020-09-25,4,269,34.5789907800156,103,3561.636050341607,0.7847612305085315
2020-09-26,5,270,34.60965680454994,85,2941.8208283867452,0.6981045107403269
2020-09-27,6,271,34.488167268487864,70,2414.1717087941506,0.558704128890085
2020-09-28,0,272,34.317427963329074,62,2127.6805337264027,0.4722771344455559
2020-09-29,1,273,34.21618260403499,62,2121.4033214501696,0.5047368917596516
2020-09-30,2,274,34.18233826153824,73,2495.310693092292,0.6325587390178947
2020-10-01,3,275,34.222930618900236,81,2772.0573801309192,0.7604942795931551
2020-10-02,4,276,34.05796778501291,100,3405.796778501291,0.7932950831685224
2020-10-03,5,277,34.17015125884818,85,2904.462857002095,0.7074363868701562
2020-10-04,6,278,34.18216410663822,49,1674.9260412252727,0.5688313866519547
2020-10-05,0,279,34.27796874610422,55,1885.288281035732,0.48319689631292384
2020-10-06,1,280,34.21557048339723,73,2497.736645287998,0.5164460453699025
2020-10-07,2,281,34.25105699153329,83,2842.837730297263,0.6450539380946065
2020-10-08,3,282,34.25705728220342,106,3631.2480719135624,0.7737719449376718
2020-10-09,4,283,34.31464636605985,99,3397.149990239925,0.8073514037205451
2020-10-10,5,284,34.298180601060906,93,3189.7307958986644,0.7222673208370367
2020-10-11,6,285,34.3315088223098,63,2162.8850558055174,0.584432662706379
2020-10-12,0,286,34.40913567948657,63,2167.7755478076538,0.49956401485858976
2020-10-13,1,287,34.36327378159792,63,2164.886248240669,0.5335742798748523
2020-10-14,2,288,34.38033487604925,74,2544.1447808276444,0.6629383364917889
2020-10-15,3,289,34.24737403892498,102,3493.2321519703482,0.7924073310923698
2020-10-16,4,290,34.29685084271677,98,3361.0913825862435,0.8267323789641464
2020-10-17,5,291,34.43451637940159,82,2823.6303431109304,0.7423882655668039
2020-10-18,6,292,34.3468716056496,63,2163.852911155925,0.6052877380506306
2020-10-19,0,293,34.340435686415454,70,2403.8304980490816,0.5211471644069157
2020-10-20,1,294,34.40244737801751,61,2098.5492900590684,0.555879231472728
2020-10-21,2,295,34.40466008903534,85,2924.396107568004,0.6859586040991842
2020-10-22,3,296,34.416287936736595,97,3338.37992986345,0.8161362167056605
2020-10-23,4,297,34.388750115366435,111,3817.1512628056744,0.8511629746009102
2020-10-24,5,298,34.35859564706637,73,2508.177482235845,0.7675134553127908
2020-10-25,6,299,34.35248983753895,84,2885.6091463532716,0.6311002001683839
2020-10-26,0,300,34.35542472709951,58,1992.6146341717715,0.5476393735053147
2020-10-27,1,301,34.27221663275064,67,2296.238514394293,0.5830434607369683
2020-10-28,2,302,34.26756674975234,84,2878.4756069791965,0.7137869275803783
2020-10-29,3,303,34.37803751474601,116,3987.8523517105373,0.8446205116694759
2020-10-30,4,304,34.348518210337105,105,3606.594412085396,0.8802949239345053
2020-10-31,5,305,34.26137919403832,79,2706.6489563290274,0.7972845499893553
2020-11-01,6,306,34.2507150646561,78,2671.555775043176,0.6615017417685376
2020-11-02,0,307,34.2003853764795,70,2394.0269763535653,0.5786624767946732
2020-11-03,1,308,34.10612688348955,71,2421.535008727758,0.6146790562989869
2020-11-04,2,309,34.11592842239871,94,3206.897271705479,0.7460257645038356
2020-11-05,3,310,34.065903747720704,120,4087.9084497264844,0.8774531602897063
2020-11-06,4,311,34.02190555921389,113,3844.47532819117,0.9137117786276417
2020-11-07,5,312,34.0327113439431,98,3335.2057117064237,0.8312758320186571
2020-11-08,6,313,33.92473091314802,99,3358.5483604016536,0.6960575021820394
2020-11-09,0,314,33.80207336216681,77,2602.7596488868444,0.6137725993732842
2020-11-10,1,315,33.84932242877011,68,2301.7539251563676,0.650333260554144
2020-11-11,2,316,33.713335148110446,124,4180.453558365695,0.7822136087238354
2020-11-12,3,317,33.644548410705426,127,4272.857648159589,0.9141640446338138
2020-11-13,4,318,33.5177869518467,102,3418.8142690883637,0.9509349482670263
2020-11-14,5,319,33.48354869530741,114,3817.124551265045,0.8690003803233058
2020-11-15,6,320,33.513696578083966,94,3150.287478339893,0.7342723739526379
2020-11-16,0,321,33.521608462441726,83,2782.293502382663,0.652466594117066
2020-11-17,1,322,33.69006645788604,78,2627.825183715111,0.6894950358038874
2020-11-18,2,323,33.76661717624634,111,3748.094506563344,0.821831683398838
2020-11-19,3,324,33.70103637018403,124,4178.928509902819,0.9542268024420261
2020-11-20,4,325,33.616728610651904,129,4336.557990774096,0.9914306411471823
2020-11-21,5,326,33.80735877813476,121,4090.690412154306,0.9099171319261327
2020-11-22,6,327,33.882194992664374,87,2947.7509643618005,0.7755981831600737
2020-11-23,0,328,33.923703888182864,81,2747.820014942812,0.6941893385984504
2020-11-24,1,329,33.928975649763885,89,3019.678832828986,0.73160247560808
2020-11-25,2,330,33.948239585376335,113,3836.151073147526,0.864311464581177
2020-11-26,3,331,33.84385818534495,128,4332.0138477241535,0.9970664607250389
2020-11-27,4,332,33.85491834594299,131,4434.994303318532,1.034617605614069
2020-11-28,5,333,33.85993512420623,111,3758.4527987868914,0.9534387287457627
2020-11-29,6,334,33.796257248201776,100,3379.6257248201778,0.8194416393425366
2020-11-30,0,335,33.75832920098082,89,3004.491298887293,0.7383417857799622
2020-12-01,1,336,33.86504203081081,91,3081.7188248037837,0.7760509538641405
2020-12-02,2,337,33.856226047387224,112,3791.897317307369,0.9090429262669001
2020-12-03,3,338,34.00209721572933,133,4522.278929692001,1.0420677743414422
2020-12-04,4,339,33.879502361890374,128,4336.576302321968,1.0798755596992182
2020-12-05,5,340,33.84272909248563,130,4399.554782023131,0.9989400357896193
2020-12-06,6,341,33.733755329791535,104,3508.3105542983194,0.8651729397242942
2020-12-07,0,342,33.64857653933967,83,2792.8318527651927,0.7842896517268745
2020-12-08,1,343,33.590246581907195,106,3560.5661376821627,0.8222018934303842
2020-12-09,2,344,33.61245362175479,129,4336.006517206368,0.9553833873315587
2020-12-10,3,345,33.631246005210535,156,5246.474376812844,1.088584148624285
2020-12-11,4,346,33.583404055852526,175,5877.095709774192,1.1265541867931337
2020-12-12,5,347,33.426501667400515,142,4746.563236770873,1.0457672072084896
2020-12-13,6,348,33.530574558704274,103,3453.6491795465404,0.9121349029651231
2020-12-14,0,349,33.51044834657098,117,3920.722456548805,0.8313726143449173
2020-12-15,1,350,33.43182879870863,111,3710.932996656658,0.8693920271261795
2020-12-16,2,351,33.451191984264,140,4683.16687779696,1.0026668320485346
2020-12-17,3,352,33.4655909168147,162,5421.425728523981,1.135947016655829
2020-12-18,4,353,33.442865035624436,147,4916.101160236793,1.1739825668977644
2020-12-19,5,354,33.45332597275704,145,4850.732266049771,1.093247168732077
2020-12-20,6,355,33.37197801661057,127,4238.241208109543,0.9596524999688708
2020-12-21,0,356,33.425498154774296,116,3877.357785953818,0.8789138897378195
2020-12-22,1,357,33.35528949187126,119,3969.2794495326802,0.9169430168008098
2020-12-23,2,358,33.312639638127344,134,4463.893711509064,1.0502135690189118
2020-12-24,3,359,33.358334303184144,157,5237.25848559991,1.1834755351961384
2020-12-25,4,360,33.44312830387699,163,5451.229913531949,1.2214789066807061
2020-12-26,5,361,33.55481331452058,153,5133.886437121649,1.1406973789656245
2020-12-27,6,362,33.62917245728694,128,4304.5340745327285,1.0070426435301727
2020-12-28,0,363,33.60634827658276,101,3394.2411759348583,0.9262300473030527
2020-12-29,1,364,33.49781437889473,112,3751.75521043621,0.9641712909698256
2020-12-30,2,365,33.596771476072945,132,4434.773834841629,1.0973400884333022
2020-12-31,3,366,33.69330865052049,165,5559.395927335881,1.2304864586496318
2021-01-01,4,1,33.64598183285562,167,5618.878966086888,1.2683604272205897
2021-01-02,5,2,33.7108605423313,140,4719.520475926382,1.187435727984073
2021-01-03,6,3,33.687465489088375,127,4278.308117114224,1.0536240948441757
2021-01-04,0,4,33.793199386007,129,4359.322720794902,0.9726409212217765
2021-01-05,1,5,33.75693782244099,125,4219.617227805124,1.0103979583481908
2021-01-06,2,6,33.896292869849816,158,5355.614273436271,1.1433689747106166
2021-01-07,3,7,33.95165879858571,144,4889.038866996342,1.2763040478719814
2021-01-08,4,8,34.078258643958705,170,5793.30396947298,1.3139532660459823
2021-01-09,5,9,34.04559372169228,163,5549.431776635841,1.2327904296688803
2021-01-10,6,10,34.07411967777382,135,4600.006156499466,1.0987273432099485
2021-01-11,0,11,34.00585401141427,137,4658.801999563755,1.0174794746011093
2021-01-12,1,12,34.06529559315318,125,4258.161949144148,1.0549586535085183
2021-01-13,2,13,34.12861446910643,139,4743.877411205794,1.1876387307547713
2021-01-14,3,14,34.29743521274281,156,5350.399893187879,1.3202698701143145
2021-01-15,4,15,34.331384943661654,155,5321.3646662675565,1.3576022498629963
2021-01-16,5,16,34.38238239963264,143,4916.680683147468,1.276109764323154
2021-01-17,6,17,34.34922214049446,150,5152.3833210741695,1.1417043156461995
2021-01-18,0,18,34.38735111684038,131,4504.7429963060895,1.0601014732133967
2021-01-19,1,19,34.36059564065819,141,4844.843985332805,1.097213171877288
2021-01-20,2,20,34.368755634105675,144,4949.1008113112175,1.2295133713527902
2021-01-21,3,21,34.381046651952694,190,6532.398863871012,1.3617523479803493
2021-01-22,4,22,34.35623406236863,169,5806.203556540298,1.3986803962420882
2021-01-23,5,23,34.36066724216537,140,4810.493413903152,1.3167715302724872
2021-01-24,6,24,34.33423546184267,133,4566.453316425074,1.1819377756054648
2021-01-25,0,25,34.30749126024196,132,4528.588846351939,1.0998948285385928
2021-01-26,1,26,34.38332001010692,146,5019.9647214756105,1.1365547543369228
2021-01-27,2,27,34.39567427208664,157,5400.120860717602,1.2683916465854062
2021-01-28,3,28,34.42011791059982,176,6057.940752265568,1.400155918912444
2021-01-29,4,29,34.31748093942199,186,6383.05145473249,1.4365980064652637
2021-01-30,5,30,34.34730481808077,175,6010.778343164136,1.354192067378999
2021-01-31,6,31,34.38466217732552,152,5226.468650953479,1.2188502744810685
2021-02-01,0,32,34.35660746248067,153,5256.560941759542,1.1362884746117354
2021-02-02,1,33,34.50345466653961,147,5072.007835981322,1.1724188867833252
2021-02-03,2,34,34.34222596700196,179,6147.25844809335,1.303715761487109
2021-02-04,3,35,34.39746840415047,159,5469.197476259925,1.4349296723703435
2021-02-05,4,36,34.44767075562737,184,6338.371419035437,1.4708112176642298
2021-02-06,5,37,34.485814068519105,191,6586.790487087149,1.3878347216046676
2021-02-07,6,38,34.49822460801276,142,4898.747894337812,1.2519125260874269
2021-02-08,0,39,34.53700857343122,150,5180.551286014684,1.168760649938566
2021-02-09,1,40,34.59815357451052,150,5189.723036176578,1.2042914870227794
2021-02-10,2,41,34.547029811927914,165,5700.259918968106,1.3349794654983749
2021-02-11,3,42,34.56810195353053,163,5634.600618425477,1.4655753394416824
2021-02-12,4,43,34.55519107460419,193,6669.151877398608,1.5008298902215946
2021-02-13,5,44,34.47815771949665,165,5688.896023716948,1.4172176278660205
2021-02-14,6,45,34.528667506866135,167,5766.287473646645,1.2806510826620081
2021-02-15,0,46,34.48891999085236,140,4828.448798719331,1.196846464370336
2021-02-16,1,47,34.3834268360205,151,5191.897452239095,1.2317163602772683
2021-02-17,2,48,34.34545764349352,178,6113.491460541846,1.3617353943922572
2021-02-18,3,49,34.2891917443332,190,6514.946431423308,1.4916545190142807
2021-02-19,4,50,34.36162681259743,179,6150.73119945494,1.5262247160476758
2021-02-20,5,51,34.37241609997693,196,6736.993555595478,1.4419206983091093
2021-02-21,6,52,34.46977636465573,164,5653.043323803539,1.304655201067698
2021-02-22,0,53,34.42283126837289,161,5542.075834208035,1.2201446411987926
2021-02-23,1,54,34.48439845037616,130,4482.9717985489015,1.2543018151743786
2021-02-24,2,55,34.68439113650861,157,5445.449408431851,1.3836015581987953
2021-02-25,3,56,34.70946625795512,161,5588.224067530775,1.5127950357124917
2021-02-26,4,57,34.77015159387784,198,6884.490015587812,1.5466334446447065
2021-02-27,5,58,34.81899556531696,161,5605.85828601603,1.4615917146567334
2021-02-28,6,59,34.71883977944431,160,5555.014364711089,1.3235827996177123
2021-03-01,0,60,34.76009848823005,157,5457.335462652118,1.2383233366937594
2021-03-02,1,61,34.781681995825146,145,5043.343889394646,1.2717263442729865
2021-03-03,2,62,34.76338816651042,168,5840.24921197375,1.4002668810355203
2021-03-04,3,63,34.701126093545,173,6003.294814183285,1.5286963373910092
2021-03-05,4,64,34.7500028551883,170,5907.500485382011,1.5617661366646463
2021-03-06,5,65,34.681517129539365,151,5236.909086560444,1.4759514362733517
2021-03-07,6,66,34.83178831995335,152,5294.4318246329085,1.3371654191340865
2021-03-08,0,67,34.83982916987078,147,5121.454887971005,1.2511249526850896
2021-03-09,1,68,34.753672497033776,162,5630.094944519472,1.2837432867426704
2021-03-10,2,69,34.717472093160104,193,6700.4721139799,1.4114957125026417
2021-03-11,3,70,34.69788328327617,183,6349.712640839539,1.539133853908977
2021-03-12,4,71,34.867785309515476,176,6136.730214474724,1.5714093687705448
2021-03-13,5,72,34.8054843192421,169,5882.126849951915,1.484797649867887
2021-03-14,6,73,34.7972992174346,149,5184.797583397755,1.3452121162917496
2021-03-15,0,74,34.759420335768084,160,5561.507253722893,1.2583698723943453
2021-03-16,1,75,34.794582767049086,159,5532.338659960805,1.2901844055759462
2021-03-17,2,76,34.757826877663014,171,5943.588396080376,1.4171312452159142
2021-03-18,3,77,34.67760390117891,187,6484.711929520457,1.5439622539707836
2021-03-19,4,78,34.66384943843075,195,6759.450640493997,1.5754293288202261
2021-03-20,5,79,34.64276333624891,176,6097.126347179808,1.4880081021030203
2021-03-21,6,80,34.60105197263432,145,5017.1525360319765,1.3476122327845583
2021-03-22,0,81,34.56310393015661,143,4942.523862012395,1.2599590653369974
2021-03-23,1,82,34.646541239255825,137,4746.576149778048,1.2909623274547752
2021-03-24,2,83,34.62402215618234,173,5989.955833019545,1.4170977889143839
2021-03-25,3,84,34.54414632603131,193,6667.020240924043,1.5431175528011987
2021-03-26,4,85,34.51159981697792,176,6074.041567788114,1.5737737564842802
2021-03-27,5,86,34.515426640051004,173,5971.168808728824,1.4855422725810223
2021-03-28,6,87,34.421314089888966,180,6195.836536180014,1.344337000153507
2021-03-29,0,88,34.53583059773869,146,5042.231267269848,1.2558755235175008
2021-03-30,1,89,34.59693362280411,144,4981.9584416837915,1.2860718098868997
2021-03-31,2,90,34.69765970412223,169,5863.904489996657,1.4114018681625384
2021-04-01,3,91,34.72527701792661,175,6076.923478137156,1.5366180400881104
2021-04-02,4,92,34.577819348523875,190,6569.785676219536,1.5664727011543427
2021-04-03,5,93,34.685951844743364,192,6659.702754190726,1.477441961492999
2021-04-04,6,94,34.62513131994173,164,5678.521536470444,1.3354399570028757
2021-04-05,0,95,34.57004244628374,147,5081.79623960371,1.2461845080886695
2021-04-06,1,96,34.58105231850539,173,5982.522051101433,1.275589817235387
2021-04-07,2,97,34.67812009736649,158,5479.142975383905,1.400132127727471
2021-04-08,3,98,34.75230238477141,206,7158.974291262911,1.5245640147353046
2021-04-09,4,99,34.816131139874756,187,6510.616523156579,1.553638086150156
2021-04-10,5,100,34.79416937530808,169,5880.214624427065,1.4638306834093469
2021-04-11,6,101,34.77109620288131,184,6397.881701330161,1.3210561725537033
2021-04-12,0,102,34.79546077715244,129,4488.614440252665,1.231032602898233
2021-04-13,1,103,34.78629997738563,144,5009.227196743531,1.2596744045386965
2021-04-14,2,104,34.84893402509141,161,5610.678378039717,1.3834580470032798
2021-04-15,3,105,34.907398640467854,188,6562.590944407956,1.507136330272098
2021-04-16,4,106,34.94904640243855,173,6046.185027621868,1.5354620855454448
2021-04-17,5,107,34.77114468909018,187,6502.204056859863,1.444911876002878
