data/processed/21232_timeseries.csv
date,day_of_week,day_of_year,price,demand,revenue,seasonal
2021-12-09,3,343,35.482141687944655,135,4790.0891278725285,1.1035854330499604
2021-12-10,4,344,35.602101886155886,139,4948.692162175668,1.141538175344722
2021-12-11,5,345,35.526428213545245,111,3943.433531703522,1.0607358765286181
2021-12-12,6,346,35.56820483790157,104,3699.093303141763,0.9270902342358428
2021-12-13,0,347,35.53779589188526,91,3233.9394261615585,0.8463165927006039
2021-12-14,1,348,35.420644711442584,93,3294.1199581641604,0.8843266410653516
2021-12-15,2,349,35.52600718431948,127,4511.802912408574,1.017594072844575
2021-12-16,3,350,35.50532262201137,131,4651.197263483489,1.150868877766947
2021-12-17,4,351,35.431012540880744,115,4074.5664422012856,1.1889010433762688
2021-12-18,5,352,35.40181509351821,133,4708.441407437922,1.1081642566332488
2021-12-19,6,353,35.34573757694142,110,3888.0311334635558,0.9745701957594389
2021-12-20,0,354,35.29688090685863,91,3212.0161625241353,0.8938341897043574
2021-12-21,1,355,35.28127353271484,93,3281.1584385424803,0.9318679164582533
2021-12-22,2,356,35.40317365468202,111,3929.7522756697044,1.0651450625191978
2021-12-23,3,357,35.356245392039064,140,4949.874354885469,1.198415614737305
2021-12-24,4,358,35.47310668211652,111,3937.514841714934,1.2364295619165755
2021-12-25,5,359,35.53288967303082,131,4654.808547167037,1.1556605964161952
2021-12-26,6,360,35.56079880632674,105,3733.8838746643073,1.0220204059929863
2021-12-27,0,361,35.6134883849392,105,3739.416280418616,0.9412243332656485
2021-12-28,1,362,35.61445014393809,107,3810.746165401376,0.9791840740234835
2021-12-29,2,363,35.70502576700105,108,3856.142782836113,1.1123733366882125
2021-12-30,3,364,35.744957796441845,131,4682.589471333882,1.2455421341516966
2021-12-31,4,365,35.62771651763596,165,5878.573225409933,1.2834404853700618
2022-01-01,5,1,35.64858133715887,122,4349.126923133383,1.2025421169560668
2022-01-02,6,2,35.7037960256674,127,4534.38209525976,1.0687587550114261
2022-01-03,0,3,35.68344186888757,112,3996.545489315408,0.9878057845796575
2022-01-04,1,4,35.692333983045536,118,4211.695409999374,1.0255949479422182
2022-01-05,2,5,35.64917081657948,123,4384.848010439276,1.158600004066595
2022-01-06,3,6,35.55214559044668,117,4159.601034082261,1.291571020429015
2022-01-07,4,7,35.44295361523115,131,4643.02692359528,1.3292580745924203
2022-01-08,5,8,35.3346989755397,147,5194.200749404336,1.2481349557814618
2022-01-09,6,9,35.381819335955065,133,4705.781971682024,1.1141134566962336
2022-01-10,0,10,35.20643051038687,124,4365.597383287973,1.0329090329454278
2022-01-11,1,11,35.159490788161186,137,4816.850237978082,1.0704335013215476
2022-01-12,2,12,35.10556635461621,135,4739.251457873188,1.203160699226921
2022-01-13,3,13,35.08569405283073,154,5403.196884135933,1.3358407764731617
2022-01-14,4,14,34.954946857364504,151,5278.19697546204,1.3732238968347545
2022-01-15,5,15,34.98339241770383,166,5807.243141338836,1.2917839395984803
2022-01-16,6,16,34.89372453758835,155,5408.527303326194,1.1574327913505074
2022-01-17,0,17,34.97347907988927,126,4406.658364066048,1.075886005381685
2022-01-18,1,18,34.92968855074632,148,5169.593905510455,1.113055499933832
2022-01-19,2,19,34.92295459135978,167,5832.133416757084,1.2454152175956834
2022-01-20,3,20,34.92322038147777,148,5168.63661645871,1.3777154170711814
2022-01-21,4,21,34.94042211061254,165,5765.169648251069,1.4147063747007924
2022-01-22,5,22,34.943029007726366,179,6254.802192383019,1.332862085977574
2022-01-23,6,23,34.91294790594658,127,4433.944384055216,1.1980945572998407
2022-01-24,0,24,34.93710857769265,128,4471.949897944659,1.1161194653409479
2022-01-25,1,25,34.96993899903996,127,4441.182252878075,1.152848855259014
2022-01-26,2,26,34.91605109141309,163,5691.316327900334,1.28475680005533
2022-01-27,3,27,34.94607988324749,181,6325.240458867796,1.4165936923038105
2022-01-28,4,28,35.03001192336205,165,5779.951967354738,1.4531099456328802
2022-01-29,5,29,35.07972756541722,140,4911.161859158411,1.3707796962007357
2022-01-30,6,30,35.14539411152376,140,4920.355175613326,1.2355150944063442
2022-01-31,0,31,35.157502378503814,125,4394.687797312977,1.1530319642165536
2022-02-01,1,32,35.09156994734956,139,4877.728222681589,1.189242501332167
2022-02-02,2,33,35.0345472456859,162,5675.596653801116,1.3206209325017304
2022-02-03,3,34,35.05707673494275,172,6029.817198410153,1.4519178072055146
2022-02-04,4,35,35.1234749347876,168,5900.743789044317,1.4878836990907827
2022-02-05,5,36,35.31968479212556,169,5969.026729869219,1.4049929073997205
2022-02-06,6,37,35.38883383545385,131,4635.937232444455,1.269157748632013
2022-02-07,0,38,35.30640085117741,134,4731.0577140577725,1.186094215822901
2022-02-08,1,39,35.25236237235621,138,4864.826007385157,1.2217146766589968
2022-02-09,2,40,35.41283677761652,148,5241.099843087245,1.3524935327411836
2022-02-10,3,41,35.39773751279529,160,5663.638002047246,1.4831815112167726
2022-02-11,4,42,35.40108393579637,176,6230.590772700161,1.5185293661621189
2022-02-12,5,43,35.33344243356801,172,6077.352098573698,1.43501157995709
2022-02-13,6,44,35.443671588475716,158,5600.100110979163,1.298540654893374
2022-02-14,0,45,35.47890971166859,136,4825.131720786929,1.2148327723974883
2022-02-15,1,46,35.42435507223476,131,4640.590514462754,1.2498004910907639
2022-02-16,2,47,35.35436064162622,161,5692.052063301821,1.3799184059956529
2022-02-17,3,48,35.375996803952646,169,5978.543459867997,1.5099374401106562
2022-02-18,4,49,35.379110214402985,166,5872.932295590896,1.5446085457347256
2022-02-19,5,50,35.43771516389557,138,4890.404692617589,1.4604064057831736
2022-02-20,6,51,35.4762377767397,159,5640.721806501612,1.3232437253364542
2022-02-21,0,52,35.45761060793371,131,4644.946989639316,1.23883689080318
2022-02-22,1,53,35.419311036102435,156,5525.41252163198,1.2730986679192309
2022-02-23,2,54,35.40804642075605,174,6161.000077211553,1.4025038608927745
2022-02-24,3,55,35.36926234800109,155,5482.235663940169,1.5318036039171978
2022-02-25,4,56,35.36009276629632,175,6188.016234101856,1.5657490624329298
2022-02-26,5,57,35.36125068957548,182,6435.747625502737,1.480815134380192
2022-02-27,6,58,35.29801003519425,128,4518.145284504864,1.342914741684087
2022-02-28,0,59,35.342428383508334,133,4700.542975006609,1.257764489353192
2022-03-01,1,60,35.31633941470604,152,5368.083591035319,1.2912773634141927
2022-03-02,2,61,35.25704607975357,162,5711.641464920079,1.4199283899913813
2022-03-03,3,62,35.23228261074523,188,6623.669130820103,1.5484689267539242
2022-03-04,4,63,35.24934468586349,206,7261.365005287879,1.5816503641114503
2022-03-05,5,64,35.25519300908474,191,6733.741864735186,1.495947826400136
2022-03-06,6,65,35.28492249718849,151,5328.023297075462,1.3572744633007134
2022-03-07,0,66,35.34819239605204,138,4878.050550655182,1.2713471088695718
2022-03-08,1,67,35.44009843585784,137,4855.293485712525,1.3040789794055223
2022-03-09,2,68,35.46020502967066,163,5780.013419836318,1.431945332461058
2022-03-10,3,69,35.3848877560762,202,7147.747326727393,1.5596977582210354
2022-03-11,4,70,35.36593446760095,193,6825.625352246983,1.5920878806294152
2022-03-12,5,71,35.29520101550154,186,6564.907388883286,1.505591058506035
2022-03-13,6,72,35.41470927922446,143,5064.303426929097,1.3661206768952492
2022-03-14,0,73,35.55468055458145,150,5333.202083187218,1.2793938060272327
2022-03-15,1,74,35.600481524326796,145,5162.069821027385,1.3113238991147749
2022-03-16,2,75,35.660942189360256,161,5741.411692487001,1.4383864512943327
2022-03-17,3,76,35.67861594562569,171,6101.043326701993,1.5653332909343094
2022-03-18,4,77,35.70439701163481,178,6355.382668070996,1.5969162806912152
2022-03-19,5,78,35.591889411266024,186,6620.09143049548,1.5096110185557043
2022-03-20,6,79,35.58668240570104,157,5587.1091376950635,1.3693311291303738
2022-03-21,0,80,35.52462340240398,128,4547.15179550771,1.2817939225200392
2022-03-22,1,81,35.54443914956175,143,5082.8547983873295,1.3129130920574377
2022-03-23,2,82,35.54024086920663,162,5757.519020811474,1.4391643731731787
2022-03-24,3,83,35.67735419916353,216,7706.308507019323,1.5652998346327827
2022-03-25,4,84,35.74191165596355,172,6147.608804825731,1.5960715795216331
2022-03-26,5,85,35.761949638938205,158,5650.388042952236,1.5079554462197606
2022-03-27,6,86,35.74314926062459,161,5754.647030960559,1.3668652996083759
2022-03-28,0,87,35.86119029762464,137,4912.983070774575,1.2785186898889855
2022-03-29,1,88,35.859080612528864,141,5056.130366366569,1.308829550237938
2022-03-30,2,89,35.88244018121023,166,5956.4850700808975,1.434273855605302
2022-03-31,3,90,35.88541579175108,199,7141.197742558465,1.5596039138809292
2022-04-01,4,91,35.85695151052845,151,5414.399678089795,1.589572066808552
2022-04-02,5,92,35.85952261862782,141,5056.192689226523,1.5006543908898275
2022-04-03,6,93,35.72134264461655,141,5036.709312890934,1.3587649885203523
2022-04-04,0,94,35.61233874874203,139,4950.115086075142,1.26962164673836
2022-04-05,1,95,35.636962986987825,137,4882.263929217332,1.2991385348091058
2022-04-06,2,96,35.74741021111226,184,6577.523478844656,1.4237918629537822
2022-04-07,3,97,35.77193518364387,173,6188.54478677039,1.548334173445863
2022-04-08,4,98,35.72120010133923,185,6608.422018747758,1.5775180414557493
2022-04-09,5,99,35.61958090518912,163,5805.991687545826,1.4878197758856433
2022-04-10,6,100,35.674834619810326,146,5208.525854492307,1.3451537104367004
2022-04-11,0,101,35.63488745597344,147,5238.328456028096,1.2552378622891853
2022-04-12,1,102,35.680190083481136,162,5780.190793523944,1.283986629618676
2022-04-13,2,103,35.70764801804858,159,5677.5160348697245,1.407876450257103
2022-04-14,3,104,35.741334385251214,145,5182.493485861426,1.5316600927216848
2022-04-15,4,105,35.743700930357335,170,6076.429158160747,1.5600903569925353
2022-04-16,5,106,35.77072074016011,147,5258.295948803536,1.46964377528092
2022-04-17,6,107,35.762307648952465,151,5400.108454991822,1.3262349030302232
2022-04-18,0,108,35.717563447296946,137,4893.306192279681,1.2355819775303971
2022-04-19,1,109,35.649704872063644,129,4598.81192849621,1.2635996153689142
2022-04-20,2,110,35.481730345069806,160,5677.0768552111695,1.3867644710271956
2022-04-21,3,111,35.46897492332677,138,4894.718539419094,1.5098295278451987
2022-04-22,4,112,35.57598368229791,165,5870.037307579155,1.5375477987354838
2022-04-23,5,113,35.627402720381106,135,4809.699367251449,1.4463960268883178
2022-04-24,6,114,35.643440116763344,138,4918.794736113341,1.3022889767101413
2022-04-25,0,115,35.59174465055302,158,5623.495654787377,1.2109450923760934
2022-04-26,1,116,35.661986565317356,137,4885.6921594484775,1.2382791952196635
2022-04-27,2,117,35.653583692659986,135,4813.233798509098,1.360768142268445
2022-04-28,3,118,35.76450523166233,160,5722.320837065973,1.4831651171487052
2022-04-29,4,119,35.69540793142101,145,5175.834150056046,1.5102233307401003
2022-04-30,5,120,35.64258809409874,144,5132.532685550219,1.4184197218221337
2022-05-01,6,121,35.58291545547473,145,5159.5227410438365,1.2736692479545861
2022-05-02,0,122,35.478530879436974,130,4612.209014326807,1.1816905439729728
2022-05-03,1,123,35.41253546763762,145,5134.817642807455,1.2083986193215301
2022-05-04,2,124,35.41980491772392,145,5135.871713069969,1.3302705165333113
2022-05-05,3,125,35.36964509006392,168,5942.100375130738,1.4520596020797676
2022-05-06,4,126,35.09804323165946,164,5756.079089992151,1.4785192669712839
2022-05-07,5,127,35.173703560103434,148,5205.708126895308,1.386126627350259
2022-05-08,6,128,35.055093998645596,137,4802.547877814447,1.240796815318965
2022-05-09,0,129,35.09659294092599,126,4422.170710556675,1.1482486373833625
2022-05-10,1,130,35.09879136297773,156,5475.411452624526,1.1743972717350877
2022-05-11,2,131,35.24791647212215,159,5604.418719067422,1.2957199266816068
2022-05-12,3,132,35.31813150090284,174,6145.354881157094,1.4169701314467587
2022-05-13,4,133,35.28259254678342,143,5045.410734190029,1.4429014367228832
2022-05-14,5,134,35.2331466936249,171,6024.868084609859,1.3499911152167636
2022-05-15,6,135,35.338982769197266,138,4876.779622149223,1.2041544524310106
2022-05-16,0,136,35.23503818431758,120,4228.20458211811,1.1111104050623577
2022-05-17,1,137,35.248481726737985,137,4829.041996563104,1.1367742982392741
2022-05-18,2,138,35.23924700281901,158,5567.801026445404,1.257623483908499
2022-05-19,3,139,35.21507382719313,140,4930.110335807039,1.3784116315930386
2022-05-20,4,140,35.23997157363916,191,6730.83457056508,1.403892428902715
2022-05-21,5,141,35.25332214405763,168,5922.558120201681,1.3105432820395444
2022-05-22,6,142,35.28553656334297,139,4904.689582304673,1.1642796065395753
2022-05-23,0,143,35.29532452282104,108,3811.8950484646725,1.070820485632575
2022-05-24,1,144,35.32474153650317,144,5086.762781256456,1.0960813674423093
2022-05-25,2,145,35.33131718273714,132,4663.733868121302,1.216539723336472
2022-05-26,3,146,35.28487420124314,152,5363.300878588958,1.3369493386493654
2022-05-27,4,147,35.28515600724579,173,6104.331989253521,1.3620640131581225
2022-05-28,5,148,35.23484225387132,152,5355.69602258844,1.2683612615548447
2022-05-29,6,149,35.1798808670755,129,4538.204631852739,1.1217566041562943
2022-05-30,0,150,35.15620605390352,98,3445.308193282545,1.027969225232535
2022-05-31,1,151,35.14779516294421,112,3936.5530582497518,1.0529146701772685
2022-06-01,2,152,35.150276057009265,143,5026.489476152325,1.173070503828941
2022-06-02,3,153,35.214815986675134,148,5211.79276602792,1.2931906011657146
2022-06-03,4,154,35.17970950465316,154,5417.675263716586,1.3180288477551767
2022-06-04,5,155,35.193573650255296,140,4927.1003110357415,1.2240628402009448
2022-06-05,6,156,35.20188626085813,127,4470.6395551289825,1.0772081768282322
2022-06-06,0,157,35.1590209897576,108,3797.174266893821,0.9831841159892678
2022-06-07,1,158,35.16421450254201,108,3797.735166274537,1.007906273211707
2022-06-08,2,159,35.23483548120016,121,4263.415093225219,1.1278522794989554
2022-06-09,3,160,35.247970985601256,150,5287.195647840188,1.2477760720055482
2022-06-10,4,161,35.263929135665585,132,4654.838645907857,1.2724315944684388
2022-06-11,5,162,35.214253347104034,141,4965.209721941669,1.1782964976363615
2022-06-12,6,163,35.35291871996561,95,3358.5272783967325,1.0312864299393176
2022-06-13,0,164,35.307255427351755,103,3636.647309017231,0.9371206957791949
2022-06-14,1,165,35.189794586891985,85,2991.132539885819,0.9617149526645021
2022-06-15,2,166,35.250376762037064,124,4371.046718492596,1.0815468694982895
2022-06-16,3,167,35.24229027701354,141,4969.162929058909,1.2013704172422555
2022-06-17,4,168,35.22094725028079,133,4684.385984287344,1.2259395693380404
2022-06-18,5,169,35.18252427327027,116,4081.172815699351,1.1317320021277777
2022-06-19,6,170,35.31434784513901,93,3284.234349597928,0.9846633855160074
2022-06-20,0,171,35.33932139424118,113,3993.3433175492537,0.890453041253923
2022-06-21,1,172,35.37803999414684,115,4068.4745993268866,0.9150166400689697
2022-06-22,2,173,35.38949290051611,117,4140.570669360385,1.034831859948848
2022-06-23,3,174,35.408512308797505,150,5311.276846319625,1.1546526768029275
2022-06-24,4,175,35.50701647683266,139,4935.47529027974,1.1792330648820706
2022-06-25,5,176,35.48934895581564,120,4258.721874697877,1.085050697198934
2022-06-26,6,177,35.38673784793352,104,3680.220736185086,0.9380212361909019
2022-06-27,0,178,35.44787433936817,89,3154.860816203767,0.8438639920065151
2022-06-28,1,179,35.482856691820906,92,3264.4228156475233,0.868494619638533
2022-06-29,2,180,35.49046163567255,128,4542.779089366087,0.988390777212557
2022-06-30,3,181,35.5236164622489,126,4475.975674243362,1.1083064166543626
2022-07-01,4,182,35.49750520215938,127,4508.183160674242,1.1329954841168375
2022-07-02,5,183,35.49896256651803,118,4188.877582849128,1.0389356204086007
2022-07-03,6,184,35.489687008345705,102,3619.948074851262,0.8920424516664728
2022-07-04,0,185,35.4480288977809,93,3296.6666874936236,0.7980352476526549
2022-07-05,1,186,35.53178151786597,101,3588.7099333044634,0.8228296188997342
2022-07-06,2,187,35.43231711541375,115,4074.7164682725816,0.9429031750125888
2022-07-07,3,188,35.59859242074422,114,4058.239535964841,1.063009815349945
2022-07-08,4,189,35.66038443686555,108,3851.3215191814793,1.087903429467016
2022-07-09,5,190,35.53516284451657,105,3731.19209867424,0.9940615975608308
2022-07-10,6,191,35.519374964322495,96,3409.8599965749595,0.8473998811606795
2022-07-11,0,192,35.50750439154945,89,3160.167890847901,0.753637481444438
2022-07-12,1,193,35.53510469691846,95,3375.834946207254,0.7786899364038993
2022-07-13,2,194,35.465423466733114,95,3369.2152293396457,0.8990347791681688
2022-07-14,3,195,35.46767898960945,101,3582.2355779505547,1.0194258287078868
2022-07-15,4,196,35.45914863381926,95,3368.61912021283,1.044616890301679
2022-07-16,5,197,35.40719868056934,120,4248.863841668321,0.9510854560064806
2022-07-17,6,198,35.34544962475979,95,3357.81771435218,0.8047469953740216
2022-07-18,0,199,35.41016040321095,86,3045.2737946761417,0.7113206137945659
2022-07-19,1,200,35.29067126341737,87,3070.2883999173114,0.7367217496904663
2022-07-20,2,201,35.32432794775303,113,3991.649058096092,0.8574278328691439
2022-07-21,3,202,35.38049604939044,95,3361.1471246920914,0.9781925752579084
2022-07-22,4,203,35.36510313615079,125,4420.637892018849,1.0037696714021294
2022-07-23,5,204,35.36879171918144,92,3253.9288381646925,0.9106364989683707
2022-07-24,6,205,35.450735870666385,86,3048.763284877309,0.7647084094947586
2022-07-25,0,206,35.401093664224426,72,2548.878743824159,0.6717043867697722
2022-07-26,1,207,35.358719698038925,74,2616.5452576548805,0.6975397440616973
2022-07-27,2,208,35.32382312363776,87,3073.172611756485,0.8186917825087547
2022-07-28,3,209,35.40589620298651,111,3930.054478531503,0.9399140818921359
2022-07-29,4,210,35.49691156152722,93,3301.2127752220313,0.9659602011731445
2022-07-30,5,211,35.39859997371722,104,3681.4543972665906,0.873307379036698
2022-07-31,6,212,35.46946881651368,73,2589.271223605499,0.7278708246827851
2022-08-01,0,213,35.52714396451609,69,2451.3729335516105,0.6353693762473749
2022-08-02,1,214,35.636562576995594,80,2850.9250061596476,0.6617181980751637
