data/processed/21232_timeseries.csv
date,day_of_week,day_of_year,price,demand,revenue,seasonal
2022-08-03,2,215,35.66368547045955,73,2603.449039343547,0.783394439153751
2022-08-04,3,216,35.66056826067198,95,3387.753984763838,0.9051515239317759
2022-08-05,4,217,35.74122508315246,112,4003.017209313075,0.9317428529020877
2022-08-06,5,218,35.79044839582602,94,3364.302149207646,0.8396455031922034
2022-08-07,6,219,35.94855504498666,76,2732.0901834189863,0.6947745194036586
2022-08-08,0,220,36.01607617820837,65,2341.0449515835444,0.6028485720816089
2022-08-09,1,221,36.02689045643352,61,2197.640317842445,0.629782655037401
2022-08-10,2,222,35.94419909357445,70,2516.0939365502113,0.7520537438331167
2022-08-11,3,223,35.90328549688466,93,3339.0055512102736,0.8744150866511803
2022-08-12,4,224,35.80215217677955,131,4690.081935158121,0.9016199049297425
2022-08-13,5,225,35.78700550570127,103,3686.061567087231,0.8101450940061943
2022-08-14,6,226,35.85222780847431,73,2617.2126300186246,0.6659055140103924
2022-08-15,0,227,35.85196925624105,64,2294.526032399427,0.5746196483889222
2022-08-16,1,228,35.92392866321834,62,2227.2835771195373,0.6022023012831095
2022-08-17,2,229,35.94770374876445,74,2660.130077408569,0.7251302560697688
2022-08-18,3,230,35.919314236422224,70,2514.3519965495557,0.8481565662877437
2022-08-19,4,231,35.925485615750034,88,3161.442734186003,0.8760342563310232
2022-08-20,5,232,35.958735060549905,71,2553.0701892990432,0.785240022150532
2022-08-21,6,233,35.96854046861519,67,2409.8922113972176,0.6416885222065793
2022-08-22,0,234,35.97915305507121,53,1906.895111918774,0.551098036052782
2022-08-23,1,235,35.924989385668255,65,2335.1243100684364,0.5793831617745142
2022-08-24,2,236,35.89449516551464,75,2692.087137413598,0.7030204745907215
2022-08-25,3,237,36.05355700389904,80,2884.284560311923,0.8267628178421501
2022-08-26,4,238,36.14007705272746,114,4119.968784010931,0.8553630037467559
2022-08-27,5,239,36.03627545345604,95,3423.446168078324,0.7652975141643608
2022-08-28,6,240,35.869571460001396,84,3013.0440026401175,0.62248079161251
2022-08-29,0,241,35.874937639767374,55,1973.1215701872056,0.5326308979144194
2022-08-30,1,242,35.937864320352666,66,2371.899045143276,0.5616622117019381
2022-08-31,2,243,35.901245174846956,74,2656.692142938675,0.6860510870823862
2022-09-01,3,244,35.97319989541829,83,2985.775591319718,0.8105501446923026
2022-09-02,4,245,35.97740132534535,92,3309.9209219317718,0.8399119725188469
2022-09-03,5,246,35.96591703172075,87,3129.0347817597053,0.7506128267308989
2022-09-04,6,247,36.01916970281317,72,2593.3802186025487,0.6085669227617975
2022-09-05,0,248,35.98171005704238,61,2194.884313479585,0.519492094024581
2022-09-06,1,249,35.96151752826341,65,2337.4986393371214,0.5493024894826123
2022-09-07,2,250,36.0087169469653,71,2556.6189032345364,0.6744742323845132
2022-09-08,3,251,36.006505752741326,61,2196.396850917221,0.7997597113862778
2022-09-09,4,252,36.14093955102772,92,3324.96643869455,0.8299112814414326
2022-09-10,5,253,36.18980519699093,76,2750.4251949713107,0.7414049647011905
2022-09-11,6,254,36.23409212183215,64,2318.9818957972575,0.6001547416665299
2022-09-12,0,255,36.230605543705536,53,1920.2220938163935,0.5118782099730567
2022-09-13,1,256,36.292213913109016,58,2104.948406960323,0.5424892820315041
2022-09-14,2,257,36.26949286986297,63,2284.9780508013673,0.6684638438327234
2022-09-15,3,258,36.28938054039554,89,3229.754868095203,0.7945540461401339
2022-09-16,4,259,36.22484665218126,88,3187.7865053919513,0.8255120054503884
2022-09-17,5,260,36.298053793532816,90,3266.8248414179534,0.737813504964157
2022-09-18,6,261,36.318520882210336,58,2106.4742111681994,0.5973722858090474
2022-09-19,0,262,36.45814791185361,61,2223.94702262307,0.5099057058953528
2022-09-20,1,263,36.6266358393476,68,2490.611237075637,0.5413274376275944
2022-09-21,2,264,36.68039590258458,64,2347.545337765413,0.6681131267806734
2022-09-22,3,265,36.68521505012581,88,3228.2989244110713,0.7950146837634741
2022-09-23,4,266,36.61858437812781,69,2526.6823220908186,0.8267839846507476
2022-09-24,5,267,36.68230528363536,98,3594.865917796265,0.7398965722251425
2022-09-25,6,268,36.69711548063943,55,2018.3413514351687,0.6002659472713675
2022-09-26,0,269,36.7350089037958,46,1689.8104095746069,0.5136092275031596
2022-09-27,1,270,36.85683663812327,67,2469.408054754259,0.5458398453459916
2022-09-28,2,271,36.79877307371472,70,2575.9141151600306,0.6734332068843889
2022-09-29,3,272,36.7336749677324,76,2791.7592975476623,0.8011409831964444
2022-09-30,4,273,36.71702365172859,91,3341.2491523073018,0.8337148114567322
2022-10-01,5,274,36.7748602831128,75,2758.11452123346,0.7476299960490747
2022-10-02,6,275,36.81393920068271,57,2098.3945344389144,0.6087997999313619
2022-10-03,0,276,36.75085647569909,46,1690.539397882158,0.522941103632991
2022-10-04,1,277,36.8041399754285,60,2208.24839852571,0.5559671031078599
2022-10-05,2,278,36.71953938391529,55,2019.574666115341,0.6843529687517539
2022-10-06,3,279,36.6605378147758,85,3116.145714255943,0.8128501368066952
2022-10-07,4,280,36.65240623544606,85,3115.454530012915,0.8462100105334482
2022-10-08,5,281,36.613428453961404,67,2453.099706415414,0.7609076613936131
2022-10-09,6,282,36.676100644866644,84,3080.792454168798,0.6228561204833704
2022-10-10,0,283,36.69627008418454,56,2054.991124714334,0.5377720375998691
2022-10-11,1,284,36.82061734191497,40,1472.8246936765986,0.5715683791622945
2022-10-12,2,285,36.80320824687912,68,2502.61816078778,0.7007200872974358
2022-10-13,3,286,36.79460163354664,92,3385.103350286291,0.8299783713116538
2022-10-14,4,287,36.87984804706582,74,2729.108755482871,0.8640944089306308
2022-10-15,5,288,36.87344455752247,76,2802.3817863717077,0.7795430475482972
2022-10-16,6,289,36.97866631813966,64,2366.634644360938,0.6422370957269762
2022-10-17,0,290,37.01675647650786,56,2072.93836268444,0.5578929823296339
2022-10-18,1,291,36.85105134588833,59,2174.2120294074116,0.592423454506545
2022-10-19,2,292,36.93398681911886,55,2031.3692750515372,0.7223032368457378
2022-10-20,3,293,36.998269539936835,82,3033.8581022748203,0.8522833229095294
2022-10-21,4,294,37.06527124016586,107,3965.984022697747,0.8871146765380212
2022-10-22,5,295,36.9306823491292,75,2769.80117618469,0.8032719331615876
2022-10-23,6,296,36.88398842278355,64,2360.5752590581474,0.6666676913637422
2022-10-24,0,297,36.8425263468198,53,1952.6538963814496,0.5830181720756268
2022-10-25,1,298,36.78328674821515,45,1655.2479036696816,0.6182359166242931
2022-10-26,2,299,36.90596915240742,67,2472.6999332112973,0.7487954459441346
2022-10-27,3,300,36.90514035169446,94,3469.0831930592794,0.8794475521737697
2022-10-28,4,301,36.90256538968602,99,3653.353973578916,0.9149430000192197
2022-10-29,5,302,36.941442954792215,99,3657.2028525244295,0.8317562281254083
2022-10-30,6,303,36.98153847916171,60,2218.892308749703,0.6957996406973559
2022-10-31,0,304,36.746664282421165,60,2204.7998569452698,0.6127892667521889
2022-11-01,1,305,36.70114176625102,59,2165.36736420881,0.6486374582244497
2022-11-02,2,306,36.60164003975899,81,2964.732843220478,0.7798185492334889
2022-11-03,3,307,36.62983332219369,91,3333.3148323196256,0.9110831477357944
2022-11-04,4,308,36.60948682842345,104,3807.386630156039,0.9471818369426678
2022-11-05,5,309,36.61057056399327,82,3002.0667862474484,0.8645888767456275
2022-11-06,6,310,36.464181849635374,82,2990.0629116701007,0.7292164953904802
2022-11-07,0,311,36.44235917085756,70,2550.965141960029,0.6467805487814846
2022-11-08,1,312,36.52089702646107,66,2410.379203746431,0.6831932186379581
2022-11-09,2,313,36.62016358281391,101,3698.636521864205,0.8149286718121138
2022-11-10,3,314,36.670792638343286,96,3520.3960932809555,0.9467373519909392
2022-11-11,4,315,36.57673673751202,112,4096.594514601346,0.9833696811626726
2022-11-12,5,316,36.66543553909832,99,3629.8781183707333,0.9012997610897349
2022-11-13,6,317,36.71642651926978,69,2533.433429829615,0.7664396650298675
2022-11-14,0,318,36.70817297631321,71,2606.280281318238,0.6845050970861394
2022-11-15,1,319,36.56555106340265,78,2852.1129829454067,0.7214080904085515
2022-11-16,2,320,36.63271209900031,76,2784.0861195240236,0.8536226665558939
2022-11-17,3,321,36.5910062322273,104,3805.4646481516393,0.9858991272406773
2022-11-18,4,322,36.61538645258648,118,4320.615601405204,1.0229877558376794
2022-11-19,5,323,36.62020338508564,82,3002.8566775770223,0.9413625188979525
2022-11-20,6,324,36.72855148428785,83,3048.4697731958913,0.8069353579100258
2022-11-21,0,325,36.71972197380911,72,2643.8199821142557,0.7254218486889673
2022-11-22,1,326,36.71865753406867,87,3194.523205463974,0.7627338996159817
2022-11-23,2,327,36.82983832876697,84,3093.706419616425,0.895345411037276
2022-11-24,3,328,36.7834801894826,95,3494.430618000847,1.0280065670448697
2022-11-25,4,329,36.8408323870518,119,4384.059054059164,1.0654675370200133
2022-11-26,5,330,36.826844018483754,109,4014.1259980147292,0.9842021771809705
2022-11-27,6,331,36.75623567858894,82,3014.0113256442933,0.8501223223769171
2022-11-28,0,332,36.756317446084076,77,2830.236443348474,0.7689434455086032
2022-11-29,1,333,36.805033760831584,96,3533.2832410398323,0.806577355798459
2022-11-30,2,334,36.90037461250912,108,3985.240458150985,0.9394978582188018
2022-12-01,3,335,37.004236294218565,89,3293.3770301854524,1.0724550453009416
2022-12-02,4,336,36.98347626348621,98,3624.3806738216485,1.11019899870574
2022-12-03,5,337,36.913944980030685,117,4318.93156266359,1.0292034907973622
2022-12-04,6,338,36.89149641886118,76,2803.75372783345,0.8953802764620516
2022-12-05,0,339,36.80828202166979,74,2723.8128696035646,0.814444752552445
2022-12-06,1,340,36.79297166136712,82,3017.0236762321038,0.8523086561802194
2022-12-07,2,341,36.7689084107598,111,4081.3488335943375,0.9854457241657097
2022-12-08,3,342,36.820145044788084,118,4344.777115284994,1.1186059848671797
2022-12-09,4,343,36.66478254937908,114,4179.785210629216,1.1565394597703935
2022-12-10,5,344,36.6131150470002,120,4393.573805640024,1.0757198650802056
2022-12-11,6,345,36.5620172925107,93,3400.2676082034955,0.9420589035559718
2022-12-12,0,346,36.64562584727762,92,3371.3975779495413,0.861271923971321
2022-12-13,1,347,36.567178554924716,91,3327.613248498149,0.8992706194210309
2022-12-14,2,348,36.58314187665715,107,3914.396180802315,1.032528686783749
2022-12-15,3,349,36.57411788067653,108,3950.0047311130656,1.1657961185629753
2022-12-16,4,350,36.64757864745813,126,4617.594909579725,1.2038229044873827
2022-12-17,5,351,36.6895426753033,120,4402.745121036396,1.123082733111755
2022-12-18,6,352,36.69808178783019,104,3816.6005059343397,0.9894872836606032
2022-12-19,0,353,36.65901698187335,73,2676.1082396767547,0.9087518854949151
2022-12-20,1,354,36.528557775158816,106,3872.0271241668347,0.9467882164247821
2022-12-21,2,355,36.545959847711494,115,4202.785382486822,1.080069962176649
2022-12-22,3,356,36.58332187885323,114,4170.4986941892685,1.2133471082376
2022-12-23,4,357,36.47240503757851,137,4996.719490148256,1.2513696414577558
2022-12-24,5,358,36.385516807277455,136,4948.430285789734,1.1706112516520462
2022-12-25,6,359,36.40328823351267,120,4368.394588021521,1.036983623443533
2022-12-26,0,360,36.42717374889237,83,3023.4554211580667,0.956202095728456
2022-12-27,1,361,36.35740314113948,94,3417.595895267111,0.9941783599860817
2022-12-28,2,362,36.31697215874332,115,4176.451798255482,1.1273861197418962
2022-12-29,3,363,36.187629514703275,128,4632.016577882019,1.2605753824066273
2022-12-30,4,364,36.28462926287424,130,4717.001804173651,1.2984961608721461
